Archive member included to satisfy reference by file (symbol)

D:/STM32CubeIDE_1.16.0/STM32CubeIDE/plugins/com.st.stm32cube.ide.mcu.externaltools.gnu-tools-for-stm32.12.3.rel1.win32_1.0.200.202406191623/tools/bin/../lib/gcc/arm-none-eabi/12.3.1/../../../../arm-none-eabi/lib/thumb/v7e-m+fp/hard\libc_nano.a(libc_a-exit.o)
                              D:/STM32CubeIDE_1.16.0/STM32CubeIDE/plugins/com.st.stm32cube.ide.mcu.externaltools.gnu-tools-for-stm32.12.3.rel1.win32_1.0.200.202406191623/tools/bin/../lib/gcc/arm-none-eabi/12.3.1/../../../../arm-none-eabi/lib/thumb/v7e-m+fp/hard/crt0.o (exit)
D:/STM32CubeIDE_1.16.0/STM32CubeIDE/plugins/com.st.stm32cube.ide.mcu.externaltools.gnu-tools-for-stm32.12.3.rel1.win32_1.0.200.202406191623/tools/bin/../lib/gcc/arm-none-eabi/12.3.1/../../../../arm-none-eabi/lib/thumb/v7e-m+fp/hard\libc_nano.a(libc_a-findfp.o)
                              D:/STM32CubeIDE_1.16.0/STM32CubeIDE/plugins/com.st.stm32cube.ide.mcu.externaltools.gnu-tools-for-stm32.12.3.rel1.win32_1.0.200.202406191623/tools/bin/../lib/gcc/arm-none-eabi/12.3.1/../../../../arm-none-eabi/lib/thumb/v7e-m+fp/hard\libc_nano.a(libc_a-exit.o) (__stdio_exit_handler)
D:/STM32CubeIDE_1.16.0/STM32CubeIDE/plugins/com.st.stm32cube.ide.mcu.externaltools.gnu-tools-for-stm32.12.3.rel1.win32_1.0.200.202406191623/tools/bin/../lib/gcc/arm-none-eabi/12.3.1/../../../../arm-none-eabi/lib/thumb/v7e-m+fp/hard\libc_nano.a(libc_a-fwalk.o)
                              D:/STM32CubeIDE_1.16.0/STM32CubeIDE/plugins/com.st.stm32cube.ide.mcu.externaltools.gnu-tools-for-stm32.12.3.rel1.win32_1.0.200.202406191623/tools/bin/../lib/gcc/arm-none-eabi/12.3.1/../../../../arm-none-eabi/lib/thumb/v7e-m+fp/hard\libc_nano.a(libc_a-findfp.o) (_fwalk_sglue)
D:/STM32CubeIDE_1.16.0/STM32CubeIDE/plugins/com.st.stm32cube.ide.mcu.externaltools.gnu-tools-for-stm32.12.3.rel1.win32_1.0.200.202406191623/tools/bin/../lib/gcc/arm-none-eabi/12.3.1/../../../../arm-none-eabi/lib/thumb/v7e-m+fp/hard\libc_nano.a(libc_a-sprintf.o)
                              ./Core/Src/main_loopback.o (sprintf)
D:/STM32CubeIDE_1.16.0/STM32CubeIDE/plugins/com.st.stm32cube.ide.mcu.externaltools.gnu-tools-for-stm32.12.3.rel1.win32_1.0.200.202406191623/tools/bin/../lib/gcc/arm-none-eabi/12.3.1/../../../../arm-none-eabi/lib/thumb/v7e-m+fp/hard\libc_nano.a(libc_a-stdio.o)
                              D:/STM32CubeIDE_1.16.0/STM32CubeIDE/plugins/com.st.stm32cube.ide.mcu.externaltools.gnu-tools-for-stm32.12.3.rel1.win32_1.0.200.202406191623/tools/bin/../lib/gcc/arm-none-eabi/12.3.1/../../../../arm-none-eabi/lib/thumb/v7e-m+fp/hard\libc_nano.a(libc_a-findfp.o) (__sread)
D:/STM32CubeIDE_1.16.0/STM32CubeIDE/plugins/com.st.stm32cube.ide.mcu.externaltools.gnu-tools-for-stm32.12.3.rel1.win32_1.0.200.202406191623/tools/bin/../lib/gcc/arm-none-eabi/12.3.1/../../../../arm-none-eabi/lib/thumb/v7e-m+fp/hard\libc_nano.a(libc_a-memset.o)
                              D:/STM32CubeIDE_1.16.0/STM32CubeIDE/plugins/com.st.stm32cube.ide.mcu.externaltools.gnu-tools-for-stm32.12.3.rel1.win32_1.0.200.202406191623/tools/bin/../lib/gcc/arm-none-eabi/12.3.1/../../../../arm-none-eabi/lib/thumb/v7e-m+fp/hard/crt0.o (memset)
D:/STM32CubeIDE_1.16.0/STM32CubeIDE/plugins/com.st.stm32cube.ide.mcu.externaltools.gnu-tools-for-stm32.12.3.rel1.win32_1.0.200.202406191623/tools/bin/../lib/gcc/arm-none-eabi/12.3.1/../../../../arm-none-eabi/lib/thumb/v7e-m+fp/hard\libc_nano.a(libc_a-closer.o)
                              D:/STM32CubeIDE_1.16.0/STM32CubeIDE/plugins/com.st.stm32cube.ide.mcu.externaltools.gnu-tools-for-stm32.12.3.rel1.win32_1.0.200.202406191623/tools/bin/../lib/gcc/arm-none-eabi/12.3.1/../../../../arm-none-eabi/lib/thumb/v7e-m+fp/hard\libc_nano.a(libc_a-stdio.o) (_close_r)
D:/STM32CubeIDE_1.16.0/STM32CubeIDE/plugins/com.st.stm32cube.ide.mcu.externaltools.gnu-tools-for-stm32.12.3.rel1.win32_1.0.200.202406191623/tools/bin/../lib/gcc/arm-none-eabi/12.3.1/../../../../arm-none-eabi/lib/thumb/v7e-m+fp/hard\libc_nano.a(libc_a-reent.o)
                              D:/STM32CubeIDE_1.16.0/STM32CubeIDE/plugins/com.st.stm32cube.ide.mcu.externaltools.gnu-tools-for-stm32.12.3.rel1.win32_1.0.200.202406191623/tools/bin/../lib/gcc/arm-none-eabi/12.3.1/../../../../arm-none-eabi/lib/thumb/v7e-m+fp/hard\libc_nano.a(libc_a-closer.o) (errno)
D:/STM32CubeIDE_1.16.0/STM32CubeIDE/plugins/com.st.stm32cube.ide.mcu.externaltools.gnu-tools-for-stm32.12.3.rel1.win32_1.0.200.202406191623/tools/bin/../lib/gcc/arm-none-eabi/12.3.1/../../../../arm-none-eabi/lib/thumb/v7e-m+fp/hard\libc_nano.a(libc_a-impure.o)
                              D:/STM32CubeIDE_1.16.0/STM32CubeIDE/plugins/com.st.stm32cube.ide.mcu.externaltools.gnu-tools-for-stm32.12.3.rel1.win32_1.0.200.202406191623/tools/bin/../lib/gcc/arm-none-eabi/12.3.1/../../../../arm-none-eabi/lib/thumb/v7e-m+fp/hard\libc_nano.a(libc_a-sprintf.o) (_impure_ptr)
[...]
Memory Configuration

Name             Origin             Length             Attributes
CCMRAM           0x10000000         0x00010000         xrw
RAM              0x20000000         0x00020000         xrw
FLASH            0x08000000         0x00100000         xr
*default*        0x00000000         0xffffffff

Linker script and memory map

LOAD D:/STM32CubeIDE_1.16.0/STM32CubeIDE/plugins/com.st.stm32cube.ide.mcu.externaltools.gnu-tools-for-stm32.12.3.rel1.win32_1.0.200.202406191623/tools/bin/../lib/gcc/arm-none-eabi/12.3.1/thumb/v7e-m+fp/hard/crti.o
LOAD D:/STM32CubeIDE_1.16.0/STM32CubeIDE/plugins/com.st.stm32cube.ide.mcu.externaltools.gnu-tools-for-stm32.12.3.rel1.win32_1.0.200.202406191623/tools/bin/../lib/gcc/arm-none-eabi/12.3.1/thumb/v7e-m+fp/hard/crtbegin.o
LOAD D:/STM32CubeIDE_1.16.0/STM32CubeIDE/plugins/com.st.stm32cube.ide.mcu.externaltools.gnu-tools-for-stm32.12.3.rel1.win32_1.0.200.202406191623/tools/bin/../lib/gcc/arm-none-eabi/12.3.1/../../../../arm-none-eabi/lib/thumb/v7e-m+fp/hard/crt0.o
LOAD ./Core/Src/can_drv.o
LOAD ./Core/Src/can_test_generator.o
LOAD ./Core/Src/main_loopback.o
LOAD ./Core/Src/pdu_router.o
LOAD ./Core/Src/stm32f4xx_hal_msp.o
LOAD ./Core/Src/stm32f4xx_it.o
LOAD ./Core/Src/syscalls.o
LOAD ./Core/Src/sysmem.o
LOAD ./Core/Src/system_config.o
LOAD ./Core/Src/system_stm32f4xx.o
LOAD ./Core/Src/uart_drv.o
LOAD ./Core/Startup/startup_stm32f407vgtx.o
LOAD ./Drivers/STM32F4xx_HAL_Driver/Src/stm32f4xx_hal.o
LOAD ./Drivers/STM32F4xx_HAL_Driver/Src/stm32f4xx_hal_cortex.o
LOAD ./Drivers/STM32F4xx_HAL_Driver/Src/stm32f4xx_hal_dma.o
LOAD ./Drivers/STM32F4xx_HAL_Driver/Src/stm32f4xx_hal_dma_ex.o
LOAD ./Drivers/STM32F4xx_HAL_Driver/Src/stm32f4xx_hal_exti.o
LOAD ./Drivers/STM32F4xx_HAL_Driver/Src/stm32f4xx_hal_flash.o
LOAD ./Drivers/STM32F4xx_HAL_Driver/Src/stm32f4xx_hal_flash_ex.o
LOAD ./Drivers/STM32F4xx_HAL_Driver/Src/stm32f4xx_hal_flash_ramfunc.o
LOAD ./Drivers/STM32F4xx_HAL_Driver/Src/stm32f4xx_hal_gpio.o
LOAD ./Drivers/STM32F4xx_HAL_Driver/Src/stm32f4xx_hal_pwr.o
LOAD ./Drivers/STM32F4xx_HAL_Driver/Src/stm32f4xx_hal_pwr_ex.o
LOAD ./Drivers/STM32F4xx_HAL_Driver/Src/stm32f4xx_hal_rcc.o
LOAD ./Drivers/STM32F4xx_HAL_Driver/Src/stm32f4xx_hal_rcc_ex.o
LOAD ./Drivers/STM32F4xx_HAL_Driver/Src/stm32f4xx_hal_tim.o
LOAD ./Drivers/STM32F4xx_HAL_Driver/Src/stm32f4xx_hal_tim_ex.o
START GROUP
LOAD D:/STM32CubeIDE_1.16.0/STM32CubeIDE/plugins/com.st.stm32cube.ide.mcu.externaltools.gnu-tools-for-stm32.12.3.rel1.win32_1.0.200.202406191623/tools/bin/../lib/gcc/arm-none-eabi/12.3.1/../../../../arm-none-eabi/lib/thumb/v7e-m+fp/hard\libc_nano.a
LOAD D:/STM32CubeIDE_1.16.0/STM32CubeIDE/plugins/com.st.stm32cube.ide.mcu.externaltools.gnu-tools-for-stm32.12.3.rel1.win32_1.0.200.202406191623/tools/bin/../lib/gcc/arm-none-eabi/12.3.1/../../../../arm-none-eabi/lib/thumb/v7e-m+fp/hard\libm.a
END GROUP
START GROUP
LOAD D:/STM32CubeIDE_1.16.0/STM32CubeIDE/plugins/com.st.stm32cube.ide.mcu.externaltools.gnu-tools-for-stm32.12.3.rel1.win32_1.0.200.202406191623/tools/bin/../lib/gcc/arm-none-eabi/12.3.1/thumb/v7e-m+fp/hard\libgcc.a
LOAD D:/STM32CubeIDE_1.16.0/STM32CubeIDE/plugins/com.st.stm32cube.ide.mcu.externaltools.gnu-tools-for-stm32.12.3.rel1.win32_1.0.200.202406191623/tools/bin/../lib/gcc/arm-none-eabi/12.3.1/../../../../arm-none-eabi/lib/thumb/v7e-m+fp/hard\libc_nano.a
END GROUP
START GROUP
LOAD D:/STM32CubeIDE_1.16.0/STM32CubeIDE/plugins/com.st.stm32cube.ide.mcu.externaltools.gnu-tools-for-stm32.12.3.rel1.win32_1.0.200.202406191623/tools/bin/../lib/gcc/arm-none-eabi/12.3.1/thumb/v7e-m+fp/hard\libgcc.a
LOAD D:/STM32CubeIDE_1.16.0/STM32CubeIDE/plugins/com.st.stm32cube.ide.mcu.externaltools.gnu-tools-for-stm32.12.3.rel1.win32_1.0.200.202406191623/tools/bin/../lib/gcc/arm-none-eabi/12.3.1/../../../../arm-none-eabi/lib/thumb/v7e-m+fp/hard\libc_nano.a
LOAD D:/STM32CubeIDE_1.16.0/STM32CubeIDE/plugins/com.st.stm32cube.ide.mcu.externaltools.gnu-tools-for-stm32.12.3.rel1.win32_1.0.200.202406191623/tools/bin/../lib/gcc/arm-none-eabi/12.3.1/../../../../arm-none-eabi/lib/thumb/v7e-m+fp/hard\libnosys.a
END GROUP
START GROUP
LOAD D:/STM32CubeIDE_1.16.0/STM32CubeIDE/plugins/com.st.stm32cube.ide.mcu.externaltools.gnu-tools-for-stm32.12.3.rel1.win32_1.0.200.202406191623/tools/bin/../lib/gcc/arm-none-eabi/12.3.1/thumb/v7e-m+fp/hard\libgcc.a
LOAD D:/STM32CubeIDE_1.16.0/STM32CubeIDE/plugins/com.st.stm32cube.ide.mcu.externaltools.gnu-tools-for-stm32.12.3.rel1.win32_1.0.200.202406191623/tools/bin/../lib/gcc/arm-none-eabi/12.3.1/../../../../arm-none-eabi/lib/thumb/v7e-m+fp/hard\libc_nano.a
LOAD D:/STM32CubeIDE_1.16.0/STM32CubeIDE/plugins/com.st.stm32cube.ide.mcu.externaltools.gnu-tools-for-stm32.12.3.rel1.win32_1.0.200.202406191623/tools/bin/../lib/gcc/arm-none-eabi/12.3.1/../../../../arm-none-eabi/lib/thumb/v7e-m+fp/hard\libnosys.a
END GROUP
LOAD D:/STM32CubeIDE_1.16.0/STM32CubeIDE/plugins/com.st.stm32cube.ide.mcu.externaltools.gnu-tools-for-stm32.12.3.rel1.win32_1.0.200.202406191623/tools/bin/../lib/gcc/arm-none-eabi/12.3.1/thumb/v7e-m+fp/hard/crtend.o
LOAD D:/STM32CubeIDE_1.16.0/STM32CubeIDE/plugins/com.st.stm32cube.ide.mcu.externaltools.gnu-tools-for-stm32.12.3.rel1.win32_1.0.200.202406191623/tools/bin/../lib/gcc/arm-none-eabi/12.3.1/thumb/v7e-m+fp/hard/crtn.o
                0x20020000                        _estack = (ORIGIN (RAM) + LENGTH (RAM))
                0x00000200                        _Min_Heap_Size = 0x200
                0x00000400                        _Min_Stack_Size = 0x400

.isr_vector     0x08000000      0x188
                0x08000000                        . = ALIGN (0x4)
 *(.isr_vector)
 .isr_vector    0x08000000      0x188 ./Core/Startup/startup_stm32f407vgtx.o
                0x08000000                g_pfnVectors
                0x08000188                        . = ALIGN (0x4)

.text           0x08000190     0x1f68
                0x08000190                        . = ALIGN (0x4)
 *(.text)
 .text          0x08000190       0x40 D:/STM32CubeIDE_1.16.0/STM32CubeIDE/plugins/com.st.stm32cube.ide.mcu.externaltools.gnu-tools-for-stm32.12.3.rel1.win32_1.0.200.202406191623/tools/bin/../lib/gcc/arm-none-eabi/12.3.1/thumb/v7e-m+fp/hard/crtbegin.o
 .text          0x080001d0       0x10 D:/STM32CubeIDE_1.16.0/STM32CubeIDE/plugins/com.st.stm32cube.ide.mcu.externaltools.gnu-tools-for-stm32.12.3.rel1.win32_1.0.200.202406191623/tools/bin/../lib/gcc/arm-none-eabi/12.3.1/../../../../arm-none-eabi/lib/thumb/v7e-m+fp/hard\libc_nano.a(libc_a-strlen.o)
                0x080001d0                strlen
 .text          0x080001e0       0xa0 D:/STM32CubeIDE_1.16.0/STM32CubeIDE/plugins/com.st.stm32cube.ide.mcu.externaltools.gnu-tools-for-stm32.12.3.rel1.win32_1.0.200.202406191623/tools/bin/../lib/gcc/arm-none-eabi/12.3.1/../../../../arm-none-eabi/lib/thumb/v7e-m+fp/hard\libc_nano.a(libc_a-memchr.o)
                0x080001e0                memchr
 *(.text*)
 .text.CAN_Receive
                0x08000280       0x88 ./Core/Src/can_drv.o
                0x08000280                CAN_Receive
 .text.CAN_GetLastError
                0x08000308       0x18 ./Core/Src/can_drv.o
                0x08000308                CAN_GetLastError
 .text.CAN_ClearError
                0x08000320       0x24 ./Core/Src/can_drv.o
                0x08000320                CAN_ClearError
 .text.CAN_IRQHandler
                0x08000344      0x1b4 ./Core/Src/can_drv.o
                0x08000344                CAN_IRQHandler
 .text.main     0x080004f8       0xb0 ./Core/Src/main_loopback.o
                0x080004f8                main
 .text.MX_GPIO_Init
                0x080005a8        0xe ./Core/Src/main_loopback.o
 *fill*         0x080005b6        0x2 
 .text.Gateway_Init
                0x080005b8      0x158 ./Core/Src/main_loopback.o
 .text.Gateway_SendTestFrames
                0x08000710      0x344 ./Core/Src/main_loopback.o
 .text.Gateway_ProcessCanMessages
                0x08000a54       0x28 ./Core/Src/main_loopback.o
 .text.Gateway_PrintStatistics
                0x08000a7c       0x6c ./Core/Src/main_loopback.o
 .text.Error_Handler
                0x08000ae8        0xc ./Core/Src/main_loopback.o
                0x08000ae8                Error_Handler
 .text.Router_Init
                0x08000af4       0x20 ./Core/Src/pdu_router.o
                0x08000af4                Router_Init
 .text.Router_ProcessCanFrame
                0x08000b14       0xa4 ./Core/Src/pdu_router.o
                0x08000b14                Router_ProcessCanFrame
 .text.Router_Poll
                0x08000bb8      0x114 ./Core/Src/pdu_router.o
                0x08000bb8                Router_Poll
 .text.Router_GetStatistics
                0x08000ccc       0x2c ./Core/Src/pdu_router.o
                0x08000ccc                Router_GetStatistics
 .text.Router_ClearStatistics
                0x08000cf8       0x18 ./Core/Src/pdu_router.o
                0x08000cf8                Router_ClearStatistics
 .text.FindSignalConfig
                0x08000d10       0x54 ./Core/Src/pdu_router.o
 .text.ExtractSignalValue
                0x08000d64       0xa8 ./Core/Src/pdu_router.o
 .text.FormatAndSendSignal
                0x08000e0c       0x72 ./Core/Src/pdu_router.o
 *fill*         0x08000e7e        0x2 
 .text.SendErrorMessage
                0x08000e80       0x3c ./Core/Src/pdu_router.o
 .text.NMI_Handler
                0x08000ebc        0x8 ./Core/Src/stm32f4xx_it.o
                0x08000ebc                NMI_Handler
 .text.HardFault_Handler
                0x08000ec4        0x8 ./Core/Src/stm32f4xx_it.o
                0x08000ec4                HardFault_Handler
 .text.MemManage_Handler
                0x08000ecc        0x8 ./Core/Src/stm32f4xx_it.o
                0x08000ecc                MemManage_Handler
 .text.BusFault_Handler
                0x08000ed4        0x8 ./Core/Src/stm32f4xx_it.o
                0x08000ed4                BusFault_Handler
 .text.UsageFault_Handler
                0x08000edc        0x8 ./Core/Src/stm32f4xx_it.o
                0x08000edc                UsageFault_Handler
 .text.SVC_Handler
                0x08000ee4        0xe ./Core/Src/stm32f4xx_it.o
                0x08000ee4                SVC_Handler
 .text.DebugMon_Handler
                0x08000ef2        0xe ./Core/Src/stm32f4xx_it.o
                0x08000ef2                DebugMon_Handler
 .text.PendSV_Handler
                0x08000f00        0xe ./Core/Src/stm32f4xx_it.o
                0x08000f00                PendSV_Handler
 .text.SysTick_Handler
                0x08000f0e        0xc ./Core/Src/stm32f4xx_it.o
                0x08000f0e                SysTick_Handler
 .text.CAN1_RX0_IRQHandler
                0x08000f1a        0xc ./Core/Src/stm32f4xx_it.o
                0x08000f1a                CAN1_RX0_IRQHandler
 .text.USART3_IRQHandler
                0x08000f26        0xc ./Core/Src/stm32f4xx_it.o
                0x08000f26                USART3_IRQHandler
 *fill*         0x08000f32        0x2 
 .text._sbrk    0x08000f34       0x6c ./Core/Src/sysmem.o
                0x08000f34                _sbrk
 .text.__NVIC_SetPriorityGrouping
                0x08000fa0       0x48 ./Core/Src/system_config.o
 .text.__NVIC_EnableIRQ
                0x08000fe8       0x3c ./Core/Src/system_config.o
 .text.__NVIC_SetPriority
                0x08001024       0x54 ./Core/Src/system_config.o
 .text.NVIC_EncodePriority
                0x08001078       0x66 ./Core/Src/system_config.o
 .text.SystemConfig_Init
                0x080010de       0x14 ./Core/Src/system_config.o
                0x080010de                SystemConfig_Init
 *fill*         0x080010f2        0x2 
 .text.SystemClock_Config
                0x080010f4       0x8c ./Core/Src/system_config.o
                0x080010f4                SystemClock_Config
 .text.GPIO_Config
                0x08001180      0x148 ./Core/Src/system_config.o
                0x08001180                GPIO_Config
 .text.NVIC_Config
                0x080012c8       0x42 ./Core/Src/system_config.o
                0x080012c8                NVIC_Config
 *fill*         0x0800130a        0x2 
 .text.SystemInit
                0x0800130c       0x24 ./Core/Src/system_stm32f4xx.o
                0x0800130c                SystemInit
 .text.UART_Init
                0x08001330       0xdc ./Core/Src/uart_drv.o
                0x08001330                UART_Init
 .text.UART_Write
                0x0800140c       0x30 ./Core/Src/uart_drv.o
                0x0800140c                UART_Write
 .text.UART_WriteData
                0x0800143c       0xbc ./Core/Src/uart_drv.o
                0x0800143c                UART_WriteData
 .text.UART_GetLastError
                0x080014f8       0x18 ./Core/Src/uart_drv.o
                0x080014f8                UART_GetLastError
 .text.UART_ClearError
                0x08001510       0x24 ./Core/Src/uart_drv.o
                0x08001510                UART_ClearError
 .text.UART_IRQHandler
                0x08001534      0x154 ./Core/Src/uart_drv.o
                0x08001534                UART_IRQHandler
 .text.UART_StartTransmission
                0x08001688       0x84 ./Core/Src/uart_drv.o
 .text.Reset_Handler
                0x0800170c       0x50 ./Core/Startup/startup_stm32f407vgtx.o
                0x0800170c                Reset_Handler
 .text.Default_Handler
                0x0800175c        0x2 ./Core/Startup/startup_stm32f407vgtx.o
                0x0800175c                RTC_Alarm_IRQHandler
                0x0800175c                HASH_RNG_IRQHandler
                0x0800175c                EXTI2_IRQHandler
                0x0800175c                TIM8_CC_IRQHandler
                0x0800175c                TIM1_CC_IRQHandler
                0x0800175c                DMA2_Stream5_IRQHandler
                0x0800175c                DMA1_Stream5_IRQHandler
                0x0800175c                PVD_IRQHandler
                0x0800175c                SDIO_IRQHandler
                0x0800175c                TAMP_STAMP_IRQHandler
                0x0800175c                CAN2_RX1_IRQHandler
                0x0800175c                EXTI3_IRQHandler
                0x0800175c                TIM8_TRG_COM_TIM14_IRQHandler
                0x0800175c                TIM1_UP_TIM10_IRQHandler
                0x0800175c                TIM8_UP_TIM13_IRQHandler
                0x0800175c                I2C3_ER_IRQHandler
                0x0800175c                EXTI0_IRQHandler
                0x0800175c                I2C2_EV_IRQHandler
                0x0800175c                DMA1_Stream2_IRQHandler
                0x0800175c                FPU_IRQHandler
                0x0800175c                OTG_HS_WKUP_IRQHandler
                0x0800175c                CAN2_SCE_IRQHandler
                0x0800175c                DMA2_Stream2_IRQHandler
                0x0800175c                SPI1_IRQHandler
                0x0800175c                TIM6_DAC_IRQHandler
                0x0800175c                TIM1_BRK_TIM9_IRQHandler
                0x0800175c                DCMI_IRQHandler
                0x0800175c                CAN2_RX0_IRQHandler
                0x0800175c                DMA2_Stream3_IRQHandler
                0x0800175c                USART6_IRQHandler
                0x0800175c                CAN1_RX1_IRQHandler
                0x0800175c                UART5_IRQHandler
                0x0800175c                DMA2_Stream0_IRQHandler
                0x0800175c                TIM4_IRQHandler
                0x0800175c                I2C1_EV_IRQHandler
                0x0800175c                DMA1_Stream6_IRQHandler
                0x0800175c                DMA1_Stream1_IRQHandler
                0x0800175c                UART4_IRQHandler
                0x0800175c                TIM3_IRQHandler
                0x0800175c                RCC_IRQHandler
                0x0800175c                TIM8_BRK_TIM12_IRQHandler
                0x0800175c                Default_Handler
                0x0800175c                EXTI15_10_IRQHandler
                0x0800175c                ADC_IRQHandler
                0x0800175c                DMA1_Stream7_IRQHandler
                0x0800175c                TIM7_IRQHandler
                0x0800175c                CAN2_TX_IRQHandler
                0x0800175c                TIM5_IRQHandler
                0x0800175c                DMA2_Stream7_IRQHandler
                0x0800175c                I2C3_EV_IRQHandler
                0x0800175c                EXTI9_5_IRQHandler
                0x0800175c                RTC_WKUP_IRQHandler
                0x0800175c                ETH_WKUP_IRQHandler
                0x0800175c                SPI2_IRQHandler
                0x0800175c                OTG_HS_EP1_IN_IRQHandler
                0x0800175c                DMA1_Stream0_IRQHandler
                0x0800175c                CAN1_TX_IRQHandler
                0x0800175c                EXTI4_IRQHandler
                0x0800175c                FSMC_IRQHandler
                0x0800175c                ETH_IRQHandler
                0x0800175c                OTG_HS_EP1_OUT_IRQHandler
                0x0800175c                WWDG_IRQHandler
                0x0800175c                TIM2_IRQHandler
                0x0800175c                OTG_FS_WKUP_IRQHandler
                0x0800175c                TIM1_TRG_COM_TIM11_IRQHandler
                0x0800175c                OTG_HS_IRQHandler
                0x0800175c                EXTI1_IRQHandler
                0x0800175c                USART2_IRQHandler
                0x0800175c                I2C2_ER_IRQHandler
                0x0800175c                DMA2_Stream1_IRQHandler
                0x0800175c                CAN1_SCE_IRQHandler
                0x0800175c                FLASH_IRQHandler
                0x0800175c                DMA2_Stream4_IRQHandler
                0x0800175c                USART1_IRQHandler
                0x0800175c                OTG_FS_IRQHandler
                0x0800175c                SPI3_IRQHandler
                0x0800175c                DMA1_Stream4_IRQHandler
                0x0800175c                I2C1_ER_IRQHandler
                0x0800175c                DMA2_Stream6_IRQHandler
                0x0800175c                DMA1_Stream3_IRQHandler
 *fill*         0x0800175e        0x2 
 .text.HAL_IncTick
                0x08001760       0x28 ./Drivers/STM32F4xx_HAL_Driver/Src/stm32f4xx_hal.o
                0x08001760                HAL_IncTick
 .text.HAL_GetTick
                0x08001788       0x18 ./Drivers/STM32F4xx_HAL_Driver/Src/stm32f4xx_hal.o
                0x08001788                HAL_GetTick
 .text.sprintf  0x080017a0       0x40 D:/STM32CubeIDE_1.16.0/STM32CubeIDE/plugins/com.st.stm32cube.ide.mcu.externaltools.gnu-tools-for-stm32.12.3.rel1.win32_1.0.200.202406191623/tools/bin/../lib/gcc/arm-none-eabi/12.3.1/../../../../arm-none-eabi/lib/thumb/v7e-m+fp/hard\libc_nano.a(libc_a-sprintf.o)
                0x080017a0                siprintf
                0x080017a0                sprintf
 .text.memset   0x080017e0       0x10 D:/STM32CubeIDE_1.16.0/STM32CubeIDE/plugins/com.st.stm32cube.ide.mcu.externaltools.gnu-tools-for-stm32.12.3.rel1.win32_1.0.200.202406191623/tools/bin/../lib/gcc/arm-none-eabi/12.3.1/../../../../arm-none-eabi/lib/thumb/v7e-m+fp/hard\libc_nano.a(libc_a-memset.o)
                0x080017e0                memset
 .text.__errno  0x080017f0        0xc D:/STM32CubeIDE_1.16.0/STM32CubeIDE/plugins/com.st.stm32cube.ide.mcu.externaltools.gnu-tools-for-stm32.12.3.rel1.win32_1.0.200.202406191623/tools/bin/../lib/gcc/arm-none-eabi/12.3.1/../../../../arm-none-eabi/lib/thumb/v7e-m+fp/hard\libc_nano.a(libc_a-errno.o)
                0x080017f0                __errno
 .text.__libc_init_array
                0x080017fc       0x48 D:/STM32CubeIDE_1.16.0/STM32CubeIDE/plugins/com.st.stm32cube.ide.mcu.externaltools.gnu-tools-for-stm32.12.3.rel1.win32_1.0.200.202406191623/tools/bin/../lib/gcc/arm-none-eabi/12.3.1/../../../../arm-none-eabi/lib/thumb/v7e-m+fp/hard\libc_nano.a(libc_a-init.o)
                0x080017fc                __libc_init_array
 .text.__retarget_lock_acquire_recursive
                0x08001844        0x2 D:/STM32CubeIDE_1.16.0/STM32CubeIDE/plugins/com.st.stm32cube.ide.mcu.externaltools.gnu-tools-for-stm32.12.3.rel1.win32_1.0.200.202406191623/tools/bin/../lib/gcc/arm-none-eabi/12.3.1/../../../../arm-none-eabi/lib/thumb/v7e-m+fp/hard\libc_nano.a(libc_a-lock.o)
                0x08001844                __retarget_lock_acquire_recursive
 .text.__retarget_lock_release_recursive
                0x08001846        0x2 D:/STM32CubeIDE_1.16.0/STM32CubeIDE/plugins/com.st.stm32cube.ide.mcu.externaltools.gnu-tools-for-stm32.12.3.rel1.win32_1.0.200.202406191623/tools/bin/../lib/gcc/arm-none-eabi/12.3.1/../../../../arm-none-eabi/lib/thumb/v7e-m+fp/hard\libc_nano.a(libc_a-lock.o)
                0x08001846                __retarget_lock_release_recursive
 .text._free_r  0x08001848       0x94 D:/STM32CubeIDE_1.16.0/STM32CubeIDE/plugins/com.st.stm32cube.ide.mcu.externaltools.gnu-tools-for-stm32.12.3.rel1.win32_1.0.200.202406191623/tools/bin/../lib/gcc/arm-none-eabi/12.3.1/../../../../arm-none-eabi/lib/thumb/v7e-m+fp/hard\libc_nano.a(libc_a-freer.o)
                0x08001848                _free_r
 .text.sbrk_aligned
                0x080018dc       0x44 D:/STM32CubeIDE_1.16.0/STM32CubeIDE/plugins/com.st.stm32cube.ide.mcu.externaltools.gnu-tools-for-stm32.12.3.rel1.win32_1.0.200.202406191623/tools/bin/../lib/gcc/arm-none-eabi/12.3.1/../../../../arm-none-eabi/lib/thumb/v7e-m+fp/hard\libc_nano.a(libc_a-mallocr.o)
 .text._malloc_r
                0x08001920      0x100 D:/STM32CubeIDE_1.16.0/STM32CubeIDE/plugins/com.st.stm32cube.ide.mcu.externaltools.gnu-tools-for-stm32.12.3.rel1.win32_1.0.200.202406191623/tools/bin/../lib/gcc/arm-none-eabi/12.3.1/../../../../arm-none-eabi/lib/thumb/v7e-m+fp/hard\libc_nano.a(libc_a-mallocr.o)
                0x08001920                _malloc_r
 .text.__malloc_lock
                0x08001a20        0xc D:/STM32CubeIDE_1.16.0/STM32CubeIDE/plugins/com.st.stm32cube.ide.mcu.externaltools.gnu-tools-for-stm32.12.3.rel1.win32_1.0.200.202406191623/tools/bin/../lib/gcc/arm-none-eabi/12.3.1/../../../../arm-none-eabi/lib/thumb/v7e-m+fp/hard\libc_nano.a(libc_a-mlock.o)
                0x08001a20                __malloc_lock
 .text.__malloc_unlock
                0x08001a2c        0xc D:/STM32CubeIDE_1.16.0/STM32CubeIDE/plugins/com.st.stm32cube.ide.mcu.externaltools.gnu-tools-for-stm32.12.3.rel1.win32_1.0.200.202406191623/tools/bin/../lib/gcc/arm-none-eabi/12.3.1/../../../../arm-none-eabi/lib/thumb/v7e-m+fp/hard\libc_nano.a(libc_a-mlock.o)
                0x08001a2c                __malloc_unlock
 .text.__ssputs_r
                0x08001a38       0xb6 D:/STM32CubeIDE_1.16.0/STM32CubeIDE/plugins/com.st.stm32cube.ide.mcu.externaltools.gnu-tools-for-stm32.12.3.rel1.win32_1.0.200.202406191623/tools/bin/../lib/gcc/arm-none-eabi/12.3.1/../../../../arm-none-eabi/lib/thumb/v7e-m+fp/hard\libc_nano.a(libc_a-nano-svfprintf.o)
                0x08001a38                __ssputs_r
 *fill*         0x08001aee        0x2 
 .text._svfprintf_r
                0x08001af0      0x1f8 D:/STM32CubeIDE_1.16.0/STM32CubeIDE/plugins/com.st.stm32cube.ide.mcu.externaltools.gnu-tools-for-stm32.12.3.rel1.win32_1.0.200.202406191623/tools/bin/../lib/gcc/arm-none-eabi/12.3.1/../../../../arm-none-eabi/lib/thumb/v7e-m+fp/hard\libc_nano.a(libc_a-nano-svfprintf.o)
                0x08001af0                _svfiprintf_r
                0x08001af0                _svfprintf_r
 .text._printf_common
                0x08001ce8       0xda D:/STM32CubeIDE_1.16.0/STM32CubeIDE/plugins/com.st.stm32cube.ide.mcu.externaltools.gnu-tools-for-stm32.12.3.rel1.win32_1.0.200.202406191623/tools/bin/../lib/gcc/arm-none-eabi/12.3.1/../../../../arm-none-eabi/lib/thumb/v7e-m+fp/hard\libc_nano.a(libc_a-nano-vfprintf_i.o)
                0x08001ce8                _printf_common
 *fill*         0x08001dc2        0x2 
 .text._printf_i
                0x08001dc4      0x240 D:/STM32CubeIDE_1.16.0/STM32CubeIDE/plugins/com.st.stm32cube.ide.mcu.externaltools.gnu-tools-for-stm32.12.3.rel1.win32_1.0.200.202406191623/tools/bin/../lib/gcc/arm-none-eabi/12.3.1/../../../../arm-none-eabi/lib/thumb/v7e-m+fp/hard\libc_nano.a(libc_a-nano-vfprintf_i.o)
                0x08001dc4                _printf_i
 .text.memmove  0x08002004       0x34 D:/STM32CubeIDE_1.16.0/STM32CubeIDE/plugins/com.st.stm32cube.ide.mcu.externaltools.gnu-tools-for-stm32.12.3.rel1.win32_1.0.200.202406191623/tools/bin/../lib/gcc/arm-none-eabi/12.3.1/../../../../arm-none-eabi/lib/thumb/v7e-m+fp/hard\libc_nano.a(libc_a-memmove.o)
                0x08002004                memmove
 .text._sbrk_r  0x08002038       0x20 D:/STM32CubeIDE_1.16.0/STM32CubeIDE/plugins/com.st.stm32cube.ide.mcu.externaltools.gnu-tools-for-stm32.12.3.rel1.win32_1.0.200.202406191623/tools/bin/../lib/gcc/arm-none-eabi/12.3.1/../../../../arm-none-eabi/lib/thumb/v7e-m+fp/hard\libc_nano.a(libc_a-sbrkr.o)
                0x08002038                _sbrk_r
 .text.memcpy   0x08002058       0x1c D:/STM32CubeIDE_1.16.0/STM32CubeIDE/plugins/com.st.stm32cube.ide.mcu.externaltools.gnu-tools-for-stm32.12.3.rel1.win32_1.0.200.202406191623/tools/bin/../lib/gcc/arm-none-eabi/12.3.1/../../../../arm-none-eabi/lib/thumb/v7e-m+fp/hard\libc_nano.a(libc_a-memcpy-stub.o)
                0x08002058                memcpy
 .text._realloc_r
                0x08002074       0x5c D:/STM32CubeIDE_1.16.0/STM32CubeIDE/plugins/com.st.stm32cube.ide.mcu.externaltools.gnu-tools-for-stm32.12.3.rel1.win32_1.0.200.202406191623/tools/bin/../lib/gcc/arm-none-eabi/12.3.1/../../../../arm-none-eabi/lib/thumb/v7e-m+fp/hard\libc_nano.a(libc_a-reallocr.o)
                0x08002074                _realloc_r
 .text._malloc_usable_size_r
                0x080020d0       0x10 D:/STM32CubeIDE_1.16.0/STM32CubeIDE/plugins/com.st.stm32cube.ide.mcu.externaltools.gnu-tools-for-stm32.12.3.rel1.win32_1.0.200.202406191623/tools/bin/../lib/gcc/arm-none-eabi/12.3.1/../../../../arm-none-eabi/lib/thumb/v7e-m+fp/hard\libc_nano.a(libc_a-msizer.o)
                0x080020d0                _malloc_usable_size_r
 *(.glue_7)
 .glue_7        0x080020e0        0x0 linker stubs
 *(.glue_7t)
 .glue_7t       0x080020e0        0x0 linker stubs
 *(.eh_frame)
 .eh_frame      0x080020e0        0x0 D:/STM32CubeIDE_1.16.0/STM32CubeIDE/plugins/com.st.stm32cube.ide.mcu.externaltools.gnu-tools-for-stm32.12.3.rel1.win32_1.0.200.202406191623/tools/bin/../lib/gcc/arm-none-eabi/12.3.1/thumb/v7e-m+fp/hard/crtbegin.o
 *(.init)
 .init          0x080020e0        0x4 D:/STM32CubeIDE_1.16.0/STM32CubeIDE/plugins/com.st.stm32cube.ide.mcu.externaltools.gnu-tools-for-stm32.12.3.rel1.win32_1.0.200.202406191623/tools/bin/../lib/gcc/arm-none-eabi/12.3.1/thumb/v7e-m+fp/hard/crti.o
                0x080020e0                _init
 .init          0x080020e4        0x8 D:/STM32CubeIDE_1.16.0/STM32CubeIDE/plugins/com.st.stm32cube.ide.mcu.externaltools.gnu-tools-for-stm32.12.3.rel1.win32_1.0.200.202406191623/tools/bin/../lib/gcc/arm-none-eabi/12.3.1/thumb/v7e-m+fp/hard/crtn.o
 *(.fini)
 .fini          0x080020ec        0x4 D:/STM32CubeIDE_1.16.0/STM32CubeIDE/plugins/com.st.stm32cube.ide.mcu.externaltools.gnu-tools-for-stm32.12.3.rel1.win32_1.0.200.202406191623/tools/bin/../lib/gcc/arm-none-eabi/12.3.1/thumb/v7e-m+fp/hard/crti.o
                0x080020ec                _fini
 .fini          0x080020f0        0x8 D:/STM32CubeIDE_1.16.0/STM32CubeIDE/plugins/com.st.stm32cube.ide.mcu.externaltools.gnu-tools-for-stm32.12.3.rel1.win32_1.0.200.202406191623/tools/bin/../lib/gcc/arm-none-eabi/12.3.1/thumb/v7e-m+fp/hard/crtn.o
                0x080020f8                        . = ALIGN (0x4)
                0x080020f8                        _etext = .

.vfp11_veneer   0x080020f8        0x0
 .vfp11_veneer  0x080020f8        0x0 linker stubs

.v4_bx          0x080020f8        0x0
 .v4_bx         0x080020f8        0x0 linker stubs

.iplt           0x080020f8        0x0
 .iplt          0x080020f8        0x0 D:/STM32CubeIDE_1.16.0/STM32CubeIDE/plugins/com.st.stm32cube.ide.mcu.externaltools.gnu-tools-for-stm32.12.3.rel1.win32_1.0.200.202406191623/tools/bin/../lib/gcc/arm-none-eabi/12.3.1/thumb/v7e-m+fp/hard/crtbegin.o

.rodata         0x080020f8      0x27c
                0x080020f8                        . = ALIGN (0x4)
 *(.rodata)
 .rodata        0x080020f8       0xe8 ./Core/Src/main_loopback.o
 .rodata        0x080021e0      0x118 ./Core/Src/pdu_router.o
 *(.rodata*)
 .rodata.signal_table
                0x080022f8       0x48 ./Core/Src/pdu_router.o
 .rodata._svfprintf_r.str1.1
                0x08002340       0x11 D:/STM32CubeIDE_1.16.0/STM32CubeIDE/plugins/com.st.stm32cube.ide.mcu.externaltools.gnu-tools-for-stm32.12.3.rel1.win32_1.0.200.202406191623/tools/bin/../lib/gcc/arm-none-eabi/12.3.1/../../../../arm-none-eabi/lib/thumb/v7e-m+fp/hard\libc_nano.a(libc_a-nano-svfprintf.o)
 .rodata._printf_i.str1.1
                0x08002351       0x22 D:/STM32CubeIDE_1.16.0/STM32CubeIDE/plugins/com.st.stm32cube.ide.mcu.externaltools.gnu-tools-for-stm32.12.3.rel1.win32_1.0.200.202406191623/tools/bin/../lib/gcc/arm-none-eabi/12.3.1/../../../../arm-none-eabi/lib/thumb/v7e-m+fp/hard\libc_nano.a(libc_a-nano-vfprintf_i.o)
                0x08002374                        . = ALIGN (0x4)
 *fill*         0x08002373        0x1 

.ARM.extab      0x08002374        0x0
                0x08002374                        . = ALIGN (0x4)
 *(.ARM.extab* .gnu.linkonce.armextab.*)
                0x08002374                        . = ALIGN (0x4)

.ARM            0x08002374        0x8
                0x08002374                        . = ALIGN (0x4)
                0x08002374                        __exidx_start = .
 *(.ARM.exidx*)
 .ARM.exidx     0x08002374        0x8 D:/STM32CubeIDE_1.16.0/STM32CubeIDE/plugins/com.st.stm32cube.ide.mcu.externaltools.gnu-tools-for-stm32.12.3.rel1.win32_1.0.200.202406191623/tools/bin/../lib/gcc/arm-none-eabi/12.3.1/../../../../arm-none-eabi/lib/thumb/v7e-m+fp/hard\libc_nano.a(libc_a-strlen.o)
 .ARM.exidx     0x0800237c        0x0 D:/STM32CubeIDE_1.16.0/STM32CubeIDE/plugins/com.st.stm32cube.ide.mcu.externaltools.gnu-tools-for-stm32.12.3.rel1.win32_1.0.200.202406191623/tools/bin/../lib/gcc/arm-none-eabi/12.3.1/../../../../arm-none-eabi/lib/thumb/v7e-m+fp/hard\libc_nano.a(libc_a-memchr.o)
                                  0x8 (size before relaxing)
                0x0800237c                        __exidx_end = .
                0x0800237c                        . = ALIGN (0x4)

.preinit_array  0x0800237c        0x0
                0x0800237c                        . = ALIGN (0x4)
                0x0800237c                        PROVIDE (__preinit_array_start = .)
 *(.preinit_array*)
                0x0800237c                        PROVIDE (__preinit_array_end = .)
                0x0800237c                        . = ALIGN (0x4)

.init_array     0x0800237c        0x4
                0x0800237c                        . = ALIGN (0x4)
                0x0800237c                        PROVIDE (__init_array_start = .)
 *(SORT_BY_NAME(.init_array.*))
 *(.init_array*)
 .init_array    0x0800237c        0x4 D:/STM32CubeIDE_1.16.0/STM32CubeIDE/plugins/com.st.stm32cube.ide.mcu.externaltools.gnu-tools-for-stm32.12.3.rel1.win32_1.0.200.202406191623/tools/bin/../lib/gcc/arm-none-eabi/12.3.1/thumb/v7e-m+fp/hard/crtbegin.o
                0x08002380                        PROVIDE (__init_array_end = .)
                0x08002380                        . = ALIGN (0x4)

.fini_array     0x08002380        0x4
                0x08002380                        . = ALIGN (0x4)
                [!provide]                        PROVIDE (__fini_array_start = .)
 *(SORT_BY_NAME(.fini_array.*))
 *(.fini_array*)
 .fini_array    0x08002380        0x4 D:/STM32CubeIDE_1.16.0/STM32CubeIDE/plugins/com.st.stm32cube.ide.mcu.externaltools.gnu-tools-for-stm32.12.3.rel1.win32_1.0.200.202406191623/tools/bin/../lib/gcc/arm-none-eabi/12.3.1/thumb/v7e-m+fp/hard/crtbegin.o
                [!provide]                        PROVIDE (__fini_array_end = .)
                0x08002384                        . = ALIGN (0x4)
                0x08002384                        _sidata = LOADADDR (.data)

.rel.dyn        0x08002384        0x0
 .rel.iplt      0x08002384        0x0 D:/STM32CubeIDE_1.16.0/STM32CubeIDE/plugins/com.st.stm32cube.ide.mcu.externaltools.gnu-tools-for-stm32.12.3.rel1.win32_1.0.200.202406191623/tools/bin/../lib/gcc/arm-none-eabi/12.3.1/thumb/v7e-m+fp/hard/crtbegin.o

.data           0x20000000       0x60 load address 0x08002384
                0x20000000                        . = ALIGN (0x4)
                0x20000000                        _sdata = .
 *(.data)
 *(.data*)
 .data.test_rpm
                0x20000000        0x2 ./Core/Src/main_loopback.o
 .data.test_temp
                0x20000002        0x1 ./Core/Src/main_loopback.o
 *fill*         0x20000003        0x1 
 .data.test_speed
                0x20000004        0x2 ./Core/Src/main_loopback.o
 *fill*         0x20000006        0x2 
 .data.SystemCoreClock
                0x20000008        0x4 ./Core/Src/system_stm32f4xx.o
                0x20000008                SystemCoreClock
 .data.uwTickFreq
                0x2000000c        0x1 ./Drivers/STM32F4xx_HAL_Driver/Src/stm32f4xx_hal.o
                0x2000000c                uwTickFreq
 *fill*         0x2000000d        0x3 
 .data._impure_ptr
                0x20000010        0x4 D:/STM32CubeIDE_1.16.0/STM32CubeIDE/plugins/com.st.stm32cube.ide.mcu.externaltools.gnu-tools-for-stm32.12.3.rel1.win32_1.0.200.202406191623/tools/bin/../lib/gcc/arm-none-eabi/12.3.1/../../../../arm-none-eabi/lib/thumb/v7e-m+fp/hard\libc_nano.a(libc_a-impure.o)
                0x20000010                _impure_ptr
 .data._impure_data
                0x20000014       0x4c D:/STM32CubeIDE_1.16.0/STM32CubeIDE/plugins/com.st.stm32cube.ide.mcu.externaltools.gnu-tools-for-stm32.12.3.rel1.win32_1.0.200.202406191623/tools/bin/../lib/gcc/arm-none-eabi/12.3.1/../../../../arm-none-eabi/lib/thumb/v7e-m+fp/hard\libc_nano.a(libc_a-impure.o)
                0x20000014                _impure_data
 *(.RamFunc)
 *(.RamFunc*)
                0x20000060                        . = ALIGN (0x4)
                0x20000060                        _edata = .
                0x080023e4                        _siccmram = LOADADDR (.ccmram)

.igot.plt       0x20000060        0x0 load address 0x080023e4
 .igot.plt      0x20000060        0x0 D:/STM32CubeIDE_1.16.0/STM32CubeIDE/plugins/com.st.stm32cube.ide.mcu.externaltools.gnu-tools-for-stm32.12.3.rel1.win32_1.0.200.202406191623/tools/bin/../lib/gcc/arm-none-eabi/12.3.1/thumb/v7e-m+fp/hard/crtbegin.o

.ccmram         0x10000000        0x0 load address 0x080023e4
                0x10000000                        . = ALIGN (0x4)
                0x10000000                        _sccmram = .
 *(.ccmram)
 *(.ccmram*)
                0x10000000                        . = ALIGN (0x4)
                0x10000000                        _eccmram = .
                0x10000000                        . = ALIGN (0x4)

.bss            0x20000060      0x468
                0x20000060                        _sbss = .
                0x20000060                        __bss_start__ = _sbss
 *(.bss)
 .bss           0x20000060       0x1c D:/STM32CubeIDE_1.16.0/STM32CubeIDE/plugins/com.st.stm32cube.ide.mcu.externaltools.gnu-tools-for-stm32.12.3.rel1.win32_1.0.200.202406191623/tools/bin/../lib/gcc/arm-none-eabi/12.3.1/thumb/v7e-m+fp/hard/crtbegin.o
 *(.bss*)
 .bss.rx_buffer
                0x2000007c      0x140 ./Core/Src/can_drv.o
 .bss.rx_head   0x200001bc        0x2 ./Core/Src/can_drv.o
 .bss.rx_tail   0x200001be        0x2 ./Core/Src/can_drv.o
 .bss.rx_count  0x200001c0        0x2 ./Core/Src/can_drv.o
 .bss.last_error
                0x200001c2        0x1 ./Core/Src/can_drv.o
 *fill*         0x200001c3        0x1 
 .bss.last_stats_time
                0x200001c4        0x4 ./Core/Src/main_loopback.o
 .bss.last_test_frame_time
                0x200001c8        0x4 ./Core/Src/main_loopback.o
 .bss.frame_counter.1
                0x200001cc        0x4 ./Core/Src/main_loopback.o
 .bss.stats_counter.0
                0x200001d0        0x4 ./Core/Src/main_loopback.o
 .bss.router_stats
                0x200001d4       0x14 ./Core/Src/pdu_router.o
 .bss.__sbrk_heap_end
                0x200001e8        0x4 ./Core/Src/sysmem.o
 .bss.tx_buffer
                0x200001ec      0x100 ./Core/Src/uart_drv.o
 .bss.tx_head   0x200002ec        0x2 ./Core/Src/uart_drv.o
 .bss.tx_tail   0x200002ee        0x2 ./Core/Src/uart_drv.o
 .bss.tx_count  0x200002f0        0x2 ./Core/Src/uart_drv.o
 *fill*         0x200002f2        0x2 
 .bss.rx_buffer
                0x200002f4       0x80 ./Core/Src/uart_drv.o
 .bss.rx_head   0x20000374        0x2 ./Core/Src/uart_drv.o
 .bss.rx_count  0x20000376        0x2 ./Core/Src/uart_drv.o
 .bss.last_error
                0x20000378        0x1 ./Core/Src/uart_drv.o
 .bss.tx_in_progress
                0x20000379        0x1 ./Core/Src/uart_drv.o
 *fill*         0x2000037a        0x2 
 .bss.uwTick    0x2000037c        0x4 ./Drivers/STM32F4xx_HAL_Driver/Src/stm32f4xx_hal.o
                0x2000037c                uwTick
 .bss.__sf      0x20000380      0x138 D:/STM32CubeIDE_1.16.0/STM32CubeIDE/plugins/com.st.stm32cube.ide.mcu.externaltools.gnu-tools-for-stm32.12.3.rel1.win32_1.0.200.202406191623/tools/bin/../lib/gcc/arm-none-eabi/12.3.1/../../../../arm-none-eabi/lib/thumb/v7e-m+fp/hard\libc_nano.a(libc_a-findfp.o)
                0x20000380                __sf
 .bss.errno     0x200004b8        0x4 D:/STM32CubeIDE_1.16.0/STM32CubeIDE/plugins/com.st.stm32cube.ide.mcu.externaltools.gnu-tools-for-stm32.12.3.rel1.win32_1.0.200.202406191623/tools/bin/../lib/gcc/arm-none-eabi/12.3.1/../../../../arm-none-eabi/lib/thumb/v7e-m+fp/hard\libc_nano.a(libc_a-reent.o)
                0x200004b8                errno
 .bss.__lock___malloc_recursive_mutex
                0x200004bc        0x1 D:/STM32CubeIDE_1.16.0/STM32CubeIDE/plugins/com.st.stm32cube.ide.mcu.externaltools.gnu-tools-for-stm32.12.3.rel1.win32_1.0.200.202406191623/tools/bin/../lib/gcc/arm-none-eabi/12.3.1/../../../../arm-none-eabi/lib/thumb/v7e-m+fp/hard\libc_nano.a(libc_a-lock.o)
                0x200004bc                __lock___malloc_recursive_mutex
 *fill*         0x200004bd        0x3 
 .bss.__malloc_sbrk_start
                0x200004c0        0x4 D:/STM32CubeIDE_1.16.0/STM32CubeIDE/plugins/com.st.stm32cube.ide.mcu.externaltools.gnu-tools-for-stm32.12.3.rel1.win32_1.0.200.202406191623/tools/bin/../lib/gcc/arm-none-eabi/12.3.1/../../../../arm-none-eabi/lib/thumb/v7e-m+fp/hard\libc_nano.a(libc_a-mallocr.o)
                0x200004c0                __malloc_sbrk_start
 .bss.__malloc_free_list
                0x200004c4        0x4 D:/STM32CubeIDE_1.16.0/STM32CubeIDE/plugins/com.st.stm32cube.ide.mcu.externaltools.gnu-tools-for-stm32.12.3.rel1.win32_1.0.200.202406191623/tools/bin/../lib/gcc/arm-none-eabi/12.3.1/../../../../arm-none-eabi/lib/thumb/v7e-m+fp/hard\libc_nano.a(libc_a-mallocr.o)
                0x200004c4                __malloc_free_list
 *(COMMON)
                0x200004c8                        . = ALIGN (0x4)
                0x200004c8                        _ebss = .
                0x200004c8                        __bss_end__ = _ebss

._user_heap_stack
                0x200004c8      0x600
                0x200004c8                        . = ALIGN (0x8)
                [!provide]                        PROVIDE (end = .)
                0x200004c8                        PROVIDE (_end = .)
                0x200006c8                        . = (. + _Min_Heap_Size)
 *fill*         0x200004c8      0x200 
                0x20000ac8                        . = (. + _Min_Stack_Size)
 *fill*         0x200006c8      0x400 
                0x20000ac8                        . = ALIGN (0x8)

/DISCARD/
 libc.a(*)
 libm.a(*)
 libgcc.a(*)

.ARM.attributes
                0x00000000       0x30
 *(.ARM.attributes)
 .ARM.attributes
                0x00000000       0x22 D:/STM32CubeIDE_1.16.0/STM32CubeIDE/plugins/com.st.stm32cube.ide.mcu.externaltools.gnu-tools-for-stm32.12.3.rel1.win32_1.0.200.202406191623/tools/bin/../lib/gcc/arm-none-eabi/12.3.1/thumb/v7e-m+fp/hard/crti.o
 .ARM.attributes
                0x00000022       0x34 D:/STM32CubeIDE_1.16.0/STM32CubeIDE/plugins/com.st.stm32cube.ide.mcu.externaltools.gnu-tools-for-stm32.12.3.rel1.win32_1.0.200.202406191623/tools/bin/../lib/gcc/arm-none-eabi/12.3.1/thumb/v7e-m+fp/hard/crtbegin.o
 .ARM.attributes
                0x00000056       0x34 ./Core/Src/can_drv.o
 .ARM.attributes
                0x0000008a       0x34 ./Core/Src/main_loopback.o
 .ARM.attributes
                0x000000be       0x34 ./Core/Src/pdu_router.o
 .ARM.attributes
                0x000000f2       0x34 ./Core/Src/stm32f4xx_it.o
 .ARM.attributes
                0x00000126       0x34 ./Core/Src/sysmem.o
 .ARM.attributes
                0x0000015a       0x34 ./Core/Src/system_config.o
 .ARM.attributes
                0x0000018e       0x34 ./Core/Src/system_stm32f4xx.o
 .ARM.attributes
                0x000001c2       0x34 ./Core/Src/uart_drv.o
 .ARM.attributes
                0x000001f6       0x21 ./Core/Startup/startup_stm32f407vgtx.o
 .ARM.attributes
                0x00000217       0x34 ./Drivers/STM32F4xx_HAL_Driver/Src/stm32f4xx_hal.o
 .ARM.attributes
                0x0000024b       0x34 D:/STM32CubeIDE_1.16.0/STM32CubeIDE/plugins/com.st.stm32cube.ide.mcu.externaltools.gnu-tools-for-stm32.12.3.rel1.win32_1.0.200.202406191623/tools/bin/../lib/gcc/arm-none-eabi/12.3.1/../../../../arm-none-eabi/lib/thumb/v7e-m+fp/hard\libc_nano.a(libc_a-findfp.o)
 .ARM.attributes
                0x0000027f       0x34 D:/STM32CubeIDE_1.16.0/STM32CubeIDE/plugins/com.st.stm32cube.ide.mcu.externaltools.gnu-tools-for-stm32.12.3.rel1.win32_1.0.200.202406191623/tools/bin/../lib/gcc/arm-none-eabi/12.3.1/../../../../arm-none-eabi/lib/thumb/v7e-m+fp/hard\libc_nano.a(libc_a-sprintf.o)
 .ARM.attributes
                0x000002b3       0x34 D:/STM32CubeIDE_1.16.0/STM32CubeIDE/plugins/com.st.stm32cube.ide.mcu.externaltools.gnu-tools-for-stm32.12.3.rel1.win32_1.0.200.202406191623/tools/bin/../lib/gcc/arm-none-eabi/12.3.1/../../../../arm-none-eabi/lib/thumb/v7e-m+fp/hard\libc_nano.a(libc_a-memset.o)
 .ARM.attributes
                0x000002e7       0x34 D:/STM32CubeIDE_1.16.0/STM32CubeIDE/plugins/com.st.stm32cube.ide.mcu.externaltools.gnu-tools-for-stm32.12.3.rel1.win32_1.0.200.202406191623/tools/bin/../lib/gcc/arm-none-eabi/12.3.1/../../../../arm-none-eabi/lib/thumb/v7e-m+fp/hard\libc_nano.a(libc_a-reent.o)
 .ARM.attributes
                0x0000031b       0x34 D:/STM32CubeIDE_1.16.0/STM32CubeIDE/plugins/com.st.stm32cube.ide.mcu.externaltools.gnu-tools-for-stm32.12.3.rel1.win32_1.0.200.202406191623/tools/bin/../lib/gcc/arm-none-eabi/12.3.1/../../../../arm-none-eabi/lib/thumb/v7e-m+fp/hard\libc_nano.a(libc_a-impure.o)
 .ARM.attributes
                0x0000034f       0x34 D:/STM32CubeIDE_1.16.0/STM32CubeIDE/plugins/com.st.stm32cube.ide.mcu.externaltools.gnu-tools-for-stm32.12.3.rel1.win32_1.0.200.202406191623/tools/bin/../lib/gcc/arm-none-eabi/12.3.1/../../../../arm-none-eabi/lib/thumb/v7e-m+fp/hard\libc_nano.a(libc_a-errno.o)
 .ARM.attributes
                0x00000383       0x34 D:/STM32CubeIDE_1.16.0/STM32CubeIDE/plugins/com.st.stm32cube.ide.mcu.externaltools.gnu-tools-for-stm32.12.3.rel1.win32_1.0.200.202406191623/tools/bin/../lib/gcc/arm-none-eabi/12.3.1/../../../../arm-none-eabi/lib/thumb/v7e-m+fp/hard\libc_nano.a(libc_a-init.o)
 .ARM.attributes
                0x000003b7       0x34 D:/STM32CubeIDE_1.16.0/STM32CubeIDE/plugins/com.st.stm32cube.ide.mcu.externaltools.gnu-tools-for-stm32.12.3.rel1.win32_1.0.200.202406191623/tools/bin/../lib/gcc/arm-none-eabi/12.3.1/../../../../arm-none-eabi/lib/thumb/v7e-m+fp/hard\libc_nano.a(libc_a-lock.o)
 .ARM.attributes
                0x000003eb       0x17 D:/STM32CubeIDE_1.16.0/STM32CubeIDE/plugins/com.st.stm32cube.ide.mcu.externaltools.gnu-tools-for-stm32.12.3.rel1.win32_1.0.200.202406191623/tools/bin/../lib/gcc/arm-none-eabi/12.3.1/../../../../arm-none-eabi/lib/thumb/v7e-m+fp/hard\libc_nano.a(libc_a-strlen.o)
 .ARM.attributes
                0x00000402       0x34 D:/STM32CubeIDE_1.16.0/STM32CubeIDE/plugins/com.st.stm32cube.ide.mcu.externaltools.gnu-tools-for-stm32.12.3.rel1.win32_1.0.200.202406191623/tools/bin/../lib/gcc/arm-none-eabi/12.3.1/../../../../arm-none-eabi/lib/thumb/v7e-m+fp/hard\libc_nano.a(libc_a-freer.o)
 .ARM.attributes
                0x00000436       0x34 D:/STM32CubeIDE_1.16.0/STM32CubeIDE/plugins/com.st.stm32cube.ide.mcu.externaltools.gnu-tools-for-stm32.12.3.rel1.win32_1.0.200.202406191623/tools/bin/../lib/gcc/arm-none-eabi/12.3.1/../../../../arm-none-eabi/lib/thumb/v7e-m+fp/hard\libc_nano.a(libc_a-mallocr.o)
 .ARM.attributes
                0x0000046a       0x34 D:/STM32CubeIDE_1.16.0/STM32CubeIDE/plugins/com.st.stm32cube.ide.mcu.externaltools.gnu-tools-for-stm32.12.3.rel1.win32_1.0.200.202406191623/tools/bin/../lib/gcc/arm-none-eabi/12.3.1/../../../../arm-none-eabi/lib/thumb/v7e-m+fp/hard\libc_nano.a(libc_a-mlock.o)
 .ARM.attributes
                0x0000049e       0x34 D:/STM32CubeIDE_1.16.0/STM32CubeIDE/plugins/com.st.stm32cube.ide.mcu.externaltools.gnu-tools-for-stm32.12.3.rel1.win32_1.0.200.202406191623/tools/bin/../lib/gcc/arm-none-eabi/12.3.1/../../../../arm-none-eabi/lib/thumb/v7e-m+fp/hard\libc_nano.a(libc_a-nano-svfprintf.o)
 .ARM.attributes
                0x000004d2       0x34 D:/STM32CubeIDE_1.16.0/STM32CubeIDE/plugins/com.st.stm32cube.ide.mcu.externaltools.gnu-tools-for-stm32.12.3.rel1.win32_1.0.200.202406191623/tools/bin/../lib/gcc/arm-none-eabi/12.3.1/../../../../arm-none-eabi/lib/thumb/v7e-m+fp/hard\libc_nano.a(libc_a-nano-vfprintf_i.o)
 .ARM.attributes
                0x00000506       0x34 D:/STM32CubeIDE_1.16.0/STM32CubeIDE/plugins/com.st.stm32cube.ide.mcu.externaltools.gnu-tools-for-stm32.12.3.rel1.win32_1.0.200.202406191623/tools/bin/../lib/gcc/arm-none-eabi/12.3.1/../../../../arm-none-eabi/lib/thumb/v7e-m+fp/hard\libc_nano.a(libc_a-memmove.o)
 .ARM.attributes
                0x0000053a       0x34 D:/STM32CubeIDE_1.16.0/STM32CubeIDE/plugins/com.st.stm32cube.ide.mcu.externaltools.gnu-tools-for-stm32.12.3.rel1.win32_1.0.200.202406191623/tools/bin/../lib/gcc/arm-none-eabi/12.3.1/../../../../arm-none-eabi/lib/thumb/v7e-m+fp/hard\libc_nano.a(libc_a-sbrkr.o)
 .ARM.attributes
                0x0000056e       0x1c D:/STM32CubeIDE_1.16.0/STM32CubeIDE/plugins/com.st.stm32cube.ide.mcu.externaltools.gnu-tools-for-stm32.12.3.rel1.win32_1.0.200.202406191623/tools/bin/../lib/gcc/arm-none-eabi/12.3.1/../../../../arm-none-eabi/lib/thumb/v7e-m+fp/hard\libc_nano.a(libc_a-memchr.o)
 .ARM.attributes
                0x0000058a       0x34 D:/STM32CubeIDE_1.16.0/STM32CubeIDE/plugins/com.st.stm32cube.ide.mcu.externaltools.gnu-tools-for-stm32.12.3.rel1.win32_1.0.200.202406191623/tools/bin/../lib/gcc/arm-none-eabi/12.3.1/../../../../arm-none-eabi/lib/thumb/v7e-m+fp/hard\libc_nano.a(libc_a-memcpy-stub.o)
 .ARM.attributes
                0x000005be       0x34 D:/STM32CubeIDE_1.16.0/STM32CubeIDE/plugins/com.st.stm32cube.ide.mcu.externaltools.gnu-tools-for-stm32.12.3.rel1.win32_1.0.200.202406191623/tools/bin/../lib/gcc/arm-none-eabi/12.3.1/../../../../arm-none-eabi/lib/thumb/v7e-m+fp/hard\libc_nano.a(libc_a-reallocr.o)
 .ARM.attributes
                0x000005f2       0x34 D:/STM32CubeIDE_1.16.0/STM32CubeIDE/plugins/com.st.stm32cube.ide.mcu.externaltools.gnu-tools-for-stm32.12.3.rel1.win32_1.0.200.202406191623/tools/bin/../lib/gcc/arm-none-eabi/12.3.1/../../../../arm-none-eabi/lib/thumb/v7e-m+fp/hard\libc_nano.a(libc_a-msizer.o)
 .ARM.attributes
                0x00000626       0x22 D:/STM32CubeIDE_1.16.0/STM32CubeIDE/plugins/com.st.stm32cube.ide.mcu.externaltools.gnu-tools-for-stm32.12.3.rel1.win32_1.0.200.202406191623/tools/bin/../lib/gcc/arm-none-eabi/12.3.1/thumb/v7e-m+fp/hard/crtn.o
OUTPUT(ECU_gateWay.elf elf32-littlearm)
LOAD linker stubs
LOAD D:/STM32CubeIDE_1.16.0/STM32CubeIDE/plugins/com.st.stm32cube.ide.mcu.externaltools.gnu-tools-for-stm32.12.3.rel1.win32_1.0.200.202406191623/tools/bin/../lib/gcc/arm-none-eabi/12.3.1/../../../../arm-none-eabi/lib/thumb/v7e-m+fp/hard\libc.a
LOAD D:/STM32CubeIDE_1.16.0/STM32CubeIDE/plugins/com.st.stm32cube.ide.mcu.externaltools.gnu-tools-for-stm32.12.3.rel1.win32_1.0.200.202406191623/tools/bin/../lib/gcc/arm-none-eabi/12.3.1/../../../../arm-none-eabi/lib/thumb/v7e-m+fp/hard\libm.a
LOAD D:/STM32CubeIDE_1.16.0/STM32CubeIDE/plugins/com.st.stm32cube.ide.mcu.externaltools.gnu-tools-for-stm32.12.3.rel1.win32_1.0.200.202406191623/tools/bin/../lib/gcc/arm-none-eabi/12.3.1/thumb/v7e-m+fp/hard\libgcc.a

.debug_info     0x00000000     0x3880
 .debug_info    0x00000000      0x872 ./Core/Src/can_drv.o
 .debug_info    0x00000872      0x8f9 ./Core/Src/main_loopback.o
 .debug_info    0x0000116b      0x57c ./Core/Src/pdu_router.o
 .debug_info    0x000016e7      0x13d ./Core/Src/stm32f4xx_it.o
 .debug_info    0x00001824      0x168 ./Core/Src/sysmem.o
 .debug_info    0x0000198c      0xa14 ./Core/Src/system_config.o
 .debug_info    0x000023a0      0x512 ./Core/Src/system_stm32f4xx.o
 .debug_info    0x000028b2      0x65a ./Core/Src/uart_drv.o
 .debug_info    0x00002f0c       0x30 ./Core/Startup/startup_stm32f407vgtx.o
 .debug_info    0x00002f3c      0x944 ./Drivers/STM32F4xx_HAL_Driver/Src/stm32f4xx_hal.o

.debug_abbrev   0x00000000      0xf79
 .debug_abbrev  0x00000000      0x2bd ./Core/Src/can_drv.o
 .debug_abbrev  0x000002bd      0x285 ./Core/Src/main_loopback.o
 .debug_abbrev  0x00000542      0x1ef ./Core/Src/pdu_router.o
 .debug_abbrev  0x00000731       0x76 ./Core/Src/stm32f4xx_it.o
 .debug_abbrev  0x000007a7       0xbc ./Core/Src/sysmem.o
 .debug_abbrev  0x00000863      0x1b8 ./Core/Src/system_config.o
 .debug_abbrev  0x00000a1b      0x11a ./Core/Src/system_stm32f4xx.o
 .debug_abbrev  0x00000b35      0x20c ./Core/Src/uart_drv.o
 .debug_abbrev  0x00000d41       0x24 ./Core/Startup/startup_stm32f407vgtx.o
 .debug_abbrev  0x00000d65      0x214 ./Drivers/STM32F4xx_HAL_Driver/Src/stm32f4xx_hal.o

.debug_aranges  0x00000000      0x3a8
 .debug_aranges
                0x00000000       0x68 ./Core/Src/can_drv.o
 .debug_aranges
                0x00000068       0x50 ./Core/Src/main_loopback.o
 .debug_aranges
                0x000000b8       0x60 ./Core/Src/pdu_router.o
 .debug_aranges
                0x00000118       0x70 ./Core/Src/stm32f4xx_it.o
 .debug_aranges
                0x00000188       0x20 ./Core/Src/sysmem.o
 .debug_aranges
                0x000001a8       0x58 ./Core/Src/system_config.o
 .debug_aranges
                0x00000200       0x28 ./Core/Src/system_stm32f4xx.o
 .debug_aranges
                0x00000228       0x68 ./Core/Src/uart_drv.o
 .debug_aranges
                0x00000290       0x28 ./Core/Startup/startup_stm32f407vgtx.o
 .debug_aranges
                0x000002b8       0xf0 ./Drivers/STM32F4xx_HAL_Driver/Src/stm32f4xx_hal.o

.debug_rnglists
                0x00000000      0x29f
 .debug_rnglists
                0x00000000       0x4e ./Core/Src/can_drv.o
 .debug_rnglists
                0x0000004e       0x3a ./Core/Src/main_loopback.o
 .debug_rnglists
                0x00000088       0x46 ./Core/Src/pdu_router.o
 .debug_rnglists
                0x000000ce       0x4f ./Core/Src/stm32f4xx_it.o
 .debug_rnglists
                0x0000011d       0x13 ./Core/Src/sysmem.o
 .debug_rnglists
                0x00000130       0x3f ./Core/Src/system_config.o
 .debug_rnglists
                0x0000016f       0x1a ./Core/Src/system_stm32f4xx.o
 .debug_rnglists
                0x00000189       0x4e ./Core/Src/uart_drv.o
 .debug_rnglists
                0x000001d7       0x19 ./Core/Startup/startup_stm32f407vgtx.o
 .debug_rnglists
                0x000001f0       0xaf ./Drivers/STM32F4xx_HAL_Driver/Src/stm32f4xx_hal.o

.debug_macro    0x00000000    0x200c4
 .debug_macro   0x00000000      0x1d7 ./Core/Src/can_drv.o
 .debug_macro   0x000001d7      0xab4 ./Core/Src/can_drv.o
 .debug_macro   0x00000c8b       0x2e ./Core/Src/can_drv.o
 .debug_macro   0x00000cb9       0x2f ./Core/Src/can_drv.o
 .debug_macro   0x00000ce8       0x22 ./Core/Src/can_drv.o
 .debug_macro   0x00000d0a       0x8e ./Core/Src/can_drv.o
 .debug_macro   0x00000d98       0x51 ./Core/Src/can_drv.o
 .debug_macro   0x00000de9      0x103 ./Core/Src/can_drv.o
 .debug_macro   0x00000eec       0x6a ./Core/Src/can_drv.o
 .debug_macro   0x00000f56      0x1df ./Core/Src/can_drv.o
 .debug_macro   0x00001135       0x1c ./Core/Src/can_drv.o
 .debug_macro   0x00001151       0x22 ./Core/Src/can_drv.o
 .debug_macro   0x00001173       0xfb ./Core/Src/can_drv.o
 .debug_macro   0x0000126e     0x1011 ./Core/Src/can_drv.o
 .debug_macro   0x0000227f      0x11f ./Core/Src/can_drv.o
 .debug_macro   0x0000239e    0x15ea5 ./Core/Src/can_drv.o
 .debug_macro   0x00018243       0x6d ./Core/Src/can_drv.o
 .debug_macro   0x000182b0      0x28f ./Core/Src/can_drv.o
 .debug_macro   0x0001853f     0x3693 ./Core/Src/can_drv.o
 .debug_macro   0x0001bbd2      0x189 ./Core/Src/can_drv.o
 .debug_macro   0x0001bd5b       0x5c ./Core/Src/can_drv.o
 .debug_macro   0x0001bdb7      0x980 ./Core/Src/can_drv.o
 .debug_macro   0x0001c737      0x9e9 ./Core/Src/can_drv.o
 .debug_macro   0x0001d120      0x115 ./Core/Src/can_drv.o
 .debug_macro   0x0001d235      0x13e ./Core/Src/can_drv.o
 .debug_macro   0x0001d373       0xa5 ./Core/Src/can_drv.o
 .debug_macro   0x0001d418      0x174 ./Core/Src/can_drv.o
 .debug_macro   0x0001d58c      0x287 ./Core/Src/can_drv.o
 .debug_macro   0x0001d813       0x5f ./Core/Src/can_drv.o
 .debug_macro   0x0001d872      0x236 ./Core/Src/can_drv.o
 .debug_macro   0x0001daa8      0x12c ./Core/Src/can_drv.o
 .debug_macro   0x0001dbd4      0x21e ./Core/Src/can_drv.o
 .debug_macro   0x0001ddf2       0x2e ./Core/Src/can_drv.o
 .debug_macro   0x0001de20      0x127 ./Core/Src/can_drv.o
 .debug_macro   0x0001df47       0x7e ./Core/Src/can_drv.o
 .debug_macro   0x0001dfc5       0x89 ./Core/Src/can_drv.o
 .debug_macro   0x0001e04e      0x12d ./Core/Src/can_drv.o
 .debug_macro   0x0001e17b       0x22 ./Core/Src/can_drv.o
 .debug_macro   0x0001e19d       0x1c ./Core/Src/can_drv.o
 .debug_macro   0x0001e1b9       0x52 ./Core/Src/can_drv.o
 .debug_macro   0x0001e20b      0x2f1 ./Core/Src/main_loopback.o
 .debug_macro   0x0001e4fc      0x190 ./Core/Src/main_loopback.o
 .debug_macro   0x0001e68c       0x16 ./Core/Src/main_loopback.o
 .debug_macro   0x0001e6a2       0x61 ./Core/Src/main_loopback.o
 .debug_macro   0x0001e703       0x2a ./Core/Src/main_loopback.o
 .debug_macro   0x0001e72d       0x43 ./Core/Src/main_loopback.o
 .debug_macro   0x0001e770       0x34 ./Core/Src/main_loopback.o
 .debug_macro   0x0001e7a4       0x16 ./Core/Src/main_loopback.o
 .debug_macro   0x0001e7ba       0x35 ./Core/Src/main_loopback.o
 .debug_macro   0x0001e7ef      0x369 ./Core/Src/main_loopback.o
 .debug_macro   0x0001eb58       0x10 ./Core/Src/main_loopback.o
 .debug_macro   0x0001eb68       0x16 ./Core/Src/main_loopback.o
 .debug_macro   0x0001eb7e       0x43 ./Core/Src/main_loopback.o
 .debug_macro   0x0001ebc1       0x34 ./Core/Src/main_loopback.o
 .debug_macro   0x0001ebf5       0x10 ./Core/Src/main_loopback.o
 .debug_macro   0x0001ec05       0x58 ./Core/Src/main_loopback.o
 .debug_macro   0x0001ec5d       0x8e ./Core/Src/main_loopback.o
 .debug_macro   0x0001eceb       0x1c ./Core/Src/main_loopback.o
 .debug_macro   0x0001ed07      0x177 ./Core/Src/main_loopback.o
 .debug_macro   0x0001ee7e       0x16 ./Core/Src/main_loopback.o
 .debug_macro   0x0001ee94       0x16 ./Core/Src/main_loopback.o
 .debug_macro   0x0001eeaa      0x146 ./Core/Src/main_loopback.o
 .debug_macro   0x0001eff0      0x2ef ./Core/Src/pdu_router.o
 .debug_macro   0x0001f2df       0x16 ./Core/Src/pdu_router.o
 .debug_macro   0x0001f2f5       0x20 ./Core/Src/pdu_router.o
 .debug_macro   0x0001f315      0x1ea ./Core/Src/stm32f4xx_it.o
 .debug_macro   0x0001f4ff       0xff ./Core/Src/sysmem.o
 .debug_macro   0x0001f5fe      0x23c ./Core/Src/sysmem.o
 .debug_macro   0x0001f83a      0x1bf ./Core/Src/system_config.o
 .debug_macro   0x0001f9f9       0x4c ./Core/Src/system_config.o
 .debug_macro   0x0001fa45      0x1b0 ./Core/Src/system_stm32f4xx.o
 .debug_macro   0x0001fbf5      0x29f ./Core/Src/uart_drv.o
 .debug_macro   0x0001fe94       0x10 ./Core/Src/uart_drv.o
 .debug_macro   0x0001fea4       0x10 ./Core/Src/uart_drv.o
 .debug_macro   0x0001feb4      0x210 ./Drivers/STM32F4xx_HAL_Driver/Src/stm32f4xx_hal.o

.debug_line     0x00000000     0x5781
 .debug_line    0x00000000      0xb6a ./Core/Src/can_drv.o
 .debug_line    0x00000b6a      0xcb1 ./Core/Src/main_loopback.o
 .debug_line    0x0000181b      0xa9c ./Core/Src/pdu_router.o
 .debug_line    0x000022b7      0x814 ./Core/Src/stm32f4xx_it.o
 .debug_line    0x00002acb      0x574 ./Core/Src/sysmem.o
 .debug_line    0x0000303f      0x974 ./Core/Src/system_config.o
 .debug_line    0x000039b3      0x76f ./Core/Src/system_stm32f4xx.o
 .debug_line    0x00004122      0xbfe ./Core/Src/uart_drv.o
 .debug_line    0x00004d20       0x7a ./Core/Startup/startup_stm32f407vgtx.o
 .debug_line    0x00004d9a      0x9e7 ./Drivers/STM32F4xx_HAL_Driver/Src/stm32f4xx_hal.o

.debug_str      0x00000000    0xc08a4
 .debug_str     0x00000000    0xbb1c9 ./Core/Src/can_drv.o
                              0xbb45b (size before relaxing)
 .debug_str     0x000bb1c9     0x4016 ./Core/Src/main_loopback.o
                              0xbf2ef (size before relaxing)
 .debug_str     0x000bf1df      0x298 ./Core/Src/pdu_router.o
                              0xbeacd (size before relaxing)
 .debug_str     0x000bf477       0xff ./Core/Src/stm32f4xx_it.o
                              0xbb6f7 (size before relaxing)
 .debug_str     0x000bf576      0x4dc ./Core/Src/sysmem.o
                               0x60b7 (size before relaxing)
 .debug_str     0x000bfa52      0x666 ./Core/Src/system_config.o
                              0xbb7ea (size before relaxing)
 .debug_str     0x000c00b8       0x77 ./Core/Src/system_stm32f4xx.o
                              0xbb086 (size before relaxing)
 .debug_str     0x000c012f       0xe0 ./Core/Src/uart_drv.o
                              0xbe4c0 (size before relaxing)
 .debug_str     0x000c020f       0x44 ./Core/Startup/startup_stm32f407vgtx.o
                                 0x6a (size before relaxing)
 .debug_str     0x000c0253      0x651 ./Drivers/STM32F4xx_HAL_Driver/Src/stm32f4xx_hal.o
                              0xbbc0a (size before relaxing)

.comment        0x00000000       0x43
 .comment       0x00000000       0x43 ./Core/Src/can_drv.o
                                 0x44 (size before relaxing)
 .comment       0x00000043       0x44 ./Core/Src/main_loopback.o
 .comment       0x00000043       0x44 ./Core/Src/pdu_router.o
 .comment       0x00000043       0x44 ./Core/Src/stm32f4xx_it.o
 .comment       0x00000043       0x44 ./Core/Src/sysmem.o
 .comment       0x00000043       0x44 ./Core/Src/system_config.o
 .comment       0x00000043       0x44 ./Core/Src/system_stm32f4xx.o
 .comment       0x00000043       0x44 ./Core/Src/uart_drv.o
 .comment       0x00000043       0x44 ./Drivers/STM32F4xx_HAL_Driver/Src/stm32f4xx_hal.o

.debug_frame    0x00000000     0x1124
 .debug_frame   0x00000000      0x178 ./Core/Src/can_drv.o
 .debug_frame   0x00000178      0x104 ./Core/Src/main_loopback.o
 .debug_frame   0x0000027c      0x154 ./Core/Src/pdu_router.o
 .debug_frame   0x000003d0      0x13c ./Core/Src/stm32f4xx_it.o
 .debug_frame   0x0000050c       0x34 ./Core/Src/sysmem.o
 .debug_frame   0x00000540      0x128 ./Core/Src/system_config.o
 .debug_frame   0x00000668       0x58 ./Core/Src/system_stm32f4xx.o
 .debug_frame   0x000006c0      0x16c ./Core/Src/uart_drv.o
 .debug_frame   0x0000082c      0x374 ./Drivers/STM32F4xx_HAL_Driver/Src/stm32f4xx_hal.o
 .debug_frame   0x00000ba0      0x144 D:/STM32CubeIDE_1.16.0/STM32CubeIDE/plugins/com.st.stm32cube.ide.mcu.externaltools.gnu-tools-for-stm32.12.3.rel1.win32_1.0.200.202406191623/tools/bin/../lib/gcc/arm-none-eabi/12.3.1/../../../../arm-none-eabi/lib/thumb/v7e-m+fp/hard\libc_nano.a(libc_a-findfp.o)
 .debug_frame   0x00000ce4       0x6c D:/STM32CubeIDE_1.16.0/STM32CubeIDE/plugins/com.st.stm32cube.ide.mcu.externaltools.gnu-tools-for-stm32.12.3.rel1.win32_1.0.200.202406191623/tools/bin/../lib/gcc/arm-none-eabi/12.3.1/../../../../arm-none-eabi/lib/thumb/v7e-m+fp/hard\libc_nano.a(libc_a-sprintf.o)
 .debug_frame   0x00000d50       0x20 D:/STM32CubeIDE_1.16.0/STM32CubeIDE/plugins/com.st.stm32cube.ide.mcu.externaltools.gnu-tools-for-stm32.12.3.rel1.win32_1.0.200.202406191623/tools/bin/../lib/gcc/arm-none-eabi/12.3.1/../../../../arm-none-eabi/lib/thumb/v7e-m+fp/hard\libc_nano.a(libc_a-memset.o)
 .debug_frame   0x00000d70       0x38 D:/STM32CubeIDE_1.16.0/STM32CubeIDE/plugins/com.st.stm32cube.ide.mcu.externaltools.gnu-tools-for-stm32.12.3.rel1.win32_1.0.200.202406191623/tools/bin/../lib/gcc/arm-none-eabi/12.3.1/../../../../arm-none-eabi/lib/thumb/v7e-m+fp/hard\libc_nano.a(libc_a-reent.o)
 .debug_frame   0x00000da8       0x20 D:/STM32CubeIDE_1.16.0/STM32CubeIDE/plugins/com.st.stm32cube.ide.mcu.externaltools.gnu-tools-for-stm32.12.3.rel1.win32_1.0.200.202406191623/tools/bin/../lib/gcc/arm-none-eabi/12.3.1/../../../../arm-none-eabi/lib/thumb/v7e-m+fp/hard\libc_nano.a(libc_a-errno.o)
 .debug_frame   0x00000dc8       0x2c D:/STM32CubeIDE_1.16.0/STM32CubeIDE/plugins/com.st.stm32cube.ide.mcu.externaltools.gnu-tools-for-stm32.12.3.rel1.win32_1.0.200.202406191623/tools/bin/../lib/gcc/arm-none-eabi/12.3.1/../../../../arm-none-eabi/lib/thumb/v7e-m+fp/hard\libc_nano.a(libc_a-init.o)
 .debug_frame   0x00000df4       0xb0 D:/STM32CubeIDE_1.16.0/STM32CubeIDE/plugins/com.st.stm32cube.ide.mcu.externaltools.gnu-tools-for-stm32.12.3.rel1.win32_1.0.200.202406191623/tools/bin/../lib/gcc/arm-none-eabi/12.3.1/../../../../arm-none-eabi/lib/thumb/v7e-m+fp/hard\libc_nano.a(libc_a-lock.o)
 .debug_frame   0x00000ea4       0x38 D:/STM32CubeIDE_1.16.0/STM32CubeIDE/plugins/com.st.stm32cube.ide.mcu.externaltools.gnu-tools-for-stm32.12.3.rel1.win32_1.0.200.202406191623/tools/bin/../lib/gcc/arm-none-eabi/12.3.1/../../../../arm-none-eabi/lib/thumb/v7e-m+fp/hard\libc_nano.a(libc_a-freer.o)
 .debug_frame   0x00000edc       0x50 D:/STM32CubeIDE_1.16.0/STM32CubeIDE/plugins/com.st.stm32cube.ide.mcu.externaltools.gnu-tools-for-stm32.12.3.rel1.win32_1.0.200.202406191623/tools/bin/../lib/gcc/arm-none-eabi/12.3.1/../../../../arm-none-eabi/lib/thumb/v7e-m+fp/hard\libc_nano.a(libc_a-mallocr.o)
 .debug_frame   0x00000f2c       0x30 D:/STM32CubeIDE_1.16.0/STM32CubeIDE/plugins/com.st.stm32cube.ide.mcu.externaltools.gnu-tools-for-stm32.12.3.rel1.win32_1.0.200.202406191623/tools/bin/../lib/gcc/arm-none-eabi/12.3.1/../../../../arm-none-eabi/lib/thumb/v7e-m+fp/hard\libc_nano.a(libc_a-mlock.o)
 .debug_frame   0x00000f5c       0x90 D:/STM32CubeIDE_1.16.0/STM32CubeIDE/plugins/com.st.stm32cube.ide.mcu.externaltools.gnu-tools-for-stm32.12.3.rel1.win32_1.0.200.202406191623/tools/bin/../lib/gcc/arm-none-eabi/12.3.1/../../../../arm-none-eabi/lib/thumb/v7e-m+fp/hard\libc_nano.a(libc_a-nano-svfprintf.o)
 .debug_frame   0x00000fec       0x60 D:/STM32CubeIDE_1.16.0/STM32CubeIDE/plugins/com.st.stm32cube.ide.mcu.externaltools.gnu-tools-for-stm32.12.3.rel1.win32_1.0.200.202406191623/tools/bin/../lib/gcc/arm-none-eabi/12.3.1/../../../../arm-none-eabi/lib/thumb/v7e-m+fp/hard\libc_nano.a(libc_a-nano-vfprintf_i.o)
 .debug_frame   0x0000104c       0x28 D:/STM32CubeIDE_1.16.0/STM32CubeIDE/plugins/com.st.stm32cube.ide.mcu.externaltools.gnu-tools-for-stm32.12.3.rel1.win32_1.0.200.202406191623/tools/bin/../lib/gcc/arm-none-eabi/12.3.1/../../../../arm-none-eabi/lib/thumb/v7e-m+fp/hard\libc_nano.a(libc_a-memmove.o)
 .debug_frame   0x00001074       0x2c D:/STM32CubeIDE_1.16.0/STM32CubeIDE/plugins/com.st.stm32cube.ide.mcu.externaltools.gnu-tools-for-stm32.12.3.rel1.win32_1.0.200.202406191623/tools/bin/../lib/gcc/arm-none-eabi/12.3.1/../../../../arm-none-eabi/lib/thumb/v7e-m+fp/hard\libc_nano.a(libc_a-sbrkr.o)
 .debug_frame   0x000010a0       0x28 D:/STM32CubeIDE_1.16.0/STM32CubeIDE/plugins/com.st.stm32cube.ide.mcu.externaltools.gnu-tools-for-stm32.12.3.rel1.win32_1.0.200.202406191623/tools/bin/../lib/gcc/arm-none-eabi/12.3.1/../../../../arm-none-eabi/lib/thumb/v7e-m+fp/hard\libc_nano.a(libc_a-memcpy-stub.o)
 .debug_frame   0x000010c8       0x3c D:/STM32CubeIDE_1.16.0/STM32CubeIDE/plugins/com.st.stm32cube.ide.mcu.externaltools.gnu-tools-for-stm32.12.3.rel1.win32_1.0.200.202406191623/tools/bin/../lib/gcc/arm-none-eabi/12.3.1/../../../../arm-none-eabi/lib/thumb/v7e-m+fp/hard\libc_nano.a(libc_a-reallocr.o)
 .debug_frame   0x00001104       0x20 D:/STM32CubeIDE_1.16.0/STM32CubeIDE/plugins/com.st.stm32cube.ide.mcu.externaltools.gnu-tools-for-stm32.12.3.rel1.win32_1.0.200.202406191623/tools/bin/../lib/gcc/arm-none-eabi/12.3.1/../../../../arm-none-eabi/lib/thumb/v7e-m+fp/hard\libc_nano.a(libc_a-msizer.o)

.debug_line_str
                0x00000000       0x4e
 .debug_line_str
                0x00000000       0x4e ./Core/Startup/startup_stm32f407vgtx.o
