../Core/Src/pdu_router.c:85:6:Router_Init	8	static
../Core/Src/pdu_router.c:100:6:Router_ProcessCanFrame	88	static
../Core/Src/pdu_router.c:136:6:Router_Poll	16	static
../Core/Src/pdu_router.c:196:6:Router_GetStatistics	24	static
../Core/Src/pdu_router.c:208:6:Router_ClearStatistics	8	static
../Core/Src/pdu_router.c:220:30:FindSignalConfig	24	static
../Core/Src/pdu_router.c:236:17:ExtractSignalValue	24	static
../Core/Src/pdu_router.c:273:13:FormatAndSendSignal	96	static
../Core/Src/pdu_router.c:296:13:SendErrorMessage	88	static
