../Drivers/CMSIS/Include/core_cm4.h:1653:22:__NVIC_SetPriorityGrouping	24	static
../Drivers/CMSIS/Include/core_cm4.h:1684:22:__NVIC_EnableIRQ	16	static,ignoring_inline_asm
../Drivers/CMSIS/Include/core_cm4.h:1814:22:__NVIC_SetPriority	16	static
../Drivers/CMSIS/Include/core_cm4.h:1861:26:NVIC_EncodePriority	40	static
../Core/Src/system_config.c:30:6:SystemConfig_Init	8	static
../Core/Src/system_config.c:53:6:SystemClock_Config	4	static
../Core/Src/system_config.c:91:6:GPIO_Config	4	static
../Core/Src/system_config.c:136:6:NVIC_Config	8	static
